Downloading Minecraft server
Installing Fabric Loader 0.19.5(26.3) on the server
Downloading required files
Downloading library org.ow2.asm:asm:9.10.1
Downloading library org.ow2.asm:asm-analysis:9.10.1
Downloading library org.ow2.asm:asm-commons:9.10.1
Downloading library org.ow2.asm:asm-tree:9.10.1
Downloading library org.ow2.asm:asm-util:9.10.1
Downloading library net.fabricmc:sponge-mixin:0.17.4+mixin.0.8.7
Downloading library net.fabricmc:fabric-loader:0.19.5
Generating server launch JAR
Unpacking 26.3/server-26.3.jar (versions:26.3) to versions/26.3/server-26.3.jar
Unpacking at/yawk/lz4/lz4-java/1.10.1/lz4-java-1.10.1.jar (libraries:at.yawk.lz4:lz4-java:1.10.1) to libraries/at/yawk/lz4/lz4-java/1.10.1/lz4-java-1.10.1.jar
Unpacking com/azure/azure-json/1.4.0/azure-json-1.4.0.jar (libraries:com.azure:azure-json:1.4.0) to libraries/com/azure/azure-json/1.4.0/azure-json-1.4.0.jar
Unpacking com/github/oshi/oshi-core/6.9.0/oshi-core-6.9.0.jar (libraries:com.github.oshi:oshi-core:6.9.0) to libraries/com/github/oshi/oshi-core/6.9.0/oshi-core-6.9.0.jar
Unpacking com/google/code/gson/gson/2.14.0/gson-2.14.0.jar (libraries:com.google.code.gson:gson:2.14.0) to libraries/com/google/code/gson/gson/2.14.0/gson-2.14.0.jar
Unpacking com/google/guava/failureaccess/1.0.3/failureaccess-1.0.3.jar (libraries:com.google.guava:failureaccess:1.0.3) to libraries/com/google/guava/failureaccess/1.0.3/failureaccess-1.0.3.jar
Unpacking com/google/guava/guava/33.6.0-jre/guava-33.6.0-jre.jar (libraries:com.google.guava:guava:33.6.0-jre) to libraries/com/google/guava/guava/33.6.0-jre/guava-33.6.0-jre.jar
Unpacking com/microsoft/azure/msal4j/1.24.1/msal4j-1.24.1.jar (libraries:com.microsoft.azure:msal4j:1.24.1) to libraries/com/microsoft/azure/msal4j/1.24.1/msal4j-1.24.1.jar
Unpacking com/mojang/authlib/10.0.77/authlib-10.0.77.jar (libraries:com.mojang:authlib:10.0.77) to libraries/com/mojang/authlib/10.0.77/authlib-10.0.77.jar
Unpacking com/mojang/brigadier/1.3.11/brigadier-1.3.11.jar (libraries:com.mojang:brigadier:1.3.11) to libraries/com/mojang/brigadier/1.3.11/brigadier-1.3.11.jar
Unpacking com/mojang/datafixerupper/10.0.21/datafixerupper-10.0.21.jar (libraries:com.mojang:datafixerupper:10.0.21) to libraries/com/mojang/datafixerupper/10.0.21/datafixerupper-10.0.21.jar
Unpacking com/mojang/jtracy/1.14.38/jtracy-1.14.38.jar (libraries:com.mojang:jtracy:1.14.38) to libraries/com/mojang/jtracy/1.14.38/jtracy-1.14.38.jar
Unpacking com/mojang/logging/1.7.12/logging-1.7.12.jar (libraries:com.mojang:logging:1.7.12) to libraries/com/mojang/logging/1.7.12/logging-1.7.12.jar
Unpacking commons-io/commons-io/2.20.0/commons-io-2.20.0.jar (libraries:commons-io:commons-io:2.20.0) to libraries/commons-io/commons-io/2.20.0/commons-io-2.20.0.jar
Unpacking io/netty/netty-buffer/4.2.16.Final/netty-buffer-4.2.16.Final.jar (libraries:io.netty:netty-buffer:4.2.16.Final) to libraries/io/netty/netty-buffer/4.2.16.Final/netty-buffer-4.2.16.Final.jar
Unpacking io/netty/netty-codec-base/4.2.16.Final/netty-codec-base-4.2.16.Final.jar (libraries:io.netty:netty-codec-base:4.2.16.Final) to libraries/io/netty/netty-codec-base/4.2.16.Final/netty-codec-base-4.2.16.Final.jar
Unpacking io/netty/netty-codec-compression/4.2.16.Final/netty-codec-compression-4.2.16.Final.jar (libraries:io.netty:netty-codec-compression:4.2.16.Final) to libraries/io/netty/netty-codec-compression/4.2.16.Final/netty-codec-compression-4.2.16.Final.jar
Unpacking io/netty/netty-codec-http/4.2.16.Final/netty-codec-http-4.2.16.Final.jar (libraries:io.netty:netty-codec-http:4.2.16.Final) to libraries/io/netty/netty-codec-http/4.2.16.Final/netty-codec-http-4.2.16.Final.jar
Unpacking io/netty/netty-common/4.2.16.Final/netty-common-4.2.16.Final.jar (libraries:io.netty:netty-common:4.2.16.Final) to libraries/io/netty/netty-common/4.2.16.Final/netty-common-4.2.16.Final.jar
Unpacking io/netty/netty-handler/4.2.16.Final/netty-handler-4.2.16.Final.jar (libraries:io.netty:netty-handler:4.2.16.Final) to libraries/io/netty/netty-handler/4.2.16.Final/netty-handler-4.2.16.Final.jar
Unpacking io/netty/netty-resolver/4.2.16.Final/netty-resolver-4.2.16.Final.jar (libraries:io.netty:netty-resolver:4.2.16.Final) to libraries/io/netty/netty-resolver/4.2.16.Final/netty-resolver-4.2.16.Final.jar
Unpacking io/netty/netty-transport/4.2.16.Final/netty-transport-4.2.16.Final.jar (libraries:io.netty:netty-transport:4.2.16.Final) to libraries/io/netty/netty-transport/4.2.16.Final/netty-transport-4.2.16.Final.jar
Unpacking io/netty/netty-transport-classes-epoll/4.2.16.Final/netty-transport-classes-epoll-4.2.16.Final.jar (libraries:io.netty:netty-transport-classes-epoll:4.2.16.Final) to libraries/io/netty/netty-transport-classes-epoll/4.2.16.Final/netty-transport-classes-epoll-4.2.16.Final.jar
Unpacking io/netty/netty-transport-classes-kqueue/4.2.16.Final/netty-transport-classes-kqueue-4.2.16.Final.jar (libraries:io.netty:netty-transport-classes-kqueue:4.2.16.Final) to libraries/io/netty/netty-transport-classes-kqueue/4.2.16.Final/netty-transport-classes-kqueue-4.2.16.Final.jar
Unpacking io/netty/netty-transport-native-epoll/4.2.16.Final/netty-transport-native-epoll-4.2.16.Final-linux-x86_64.jar (libraries:io.netty:netty-transport-native-epoll:4.2.16.Final:linux-x86_64) to libraries/io/netty/netty-transport-native-epoll/4.2.16.Final/netty-transport-native-epoll-4.2.16.Final-linux-x86_64.jar
Unpacking io/netty/netty-transport-native-epoll/4.2.16.Final/netty-transport-native-epoll-4.2.16.Final-linux-aarch_64.jar (libraries:io.netty:netty-transport-native-epoll:4.2.16.Final:linux-aarch_64) to libraries/io/netty/netty-transport-native-epoll/4.2.16.Final/netty-transport-native-epoll-4.2.16.Final-linux-aarch_64.jar
Unpacking io/netty/netty-transport-native-kqueue/4.2.16.Final/netty-transport-native-kqueue-4.2.16.Final-osx-x86_64.jar (libraries:io.netty:netty-transport-native-kqueue:4.2.16.Final:osx-x86_64) to libraries/io/netty/netty-transport-native-kqueue/4.2.16.Final/netty-transport-native-kqueue-4.2.16.Final-osx-x86_64.jar
Unpacking io/netty/netty-transport-native-kqueue/4.2.16.Final/netty-transport-native-kqueue-4.2.16.Final-osx-aarch_64.jar (libraries:io.netty:netty-transport-native-kqueue:4.2.16.Final:osx-aarch_64) to libraries/io/netty/netty-transport-native-kqueue/4.2.16.Final/netty-transport-native-kqueue-4.2.16.Final-osx-aarch_64.jar
Unpacking io/netty/netty-transport-native-unix-common/4.2.16.Final/netty-transport-native-unix-common-4.2.16.Final.jar (libraries:io.netty:netty-transport-native-unix-common:4.2.16.Final) to libraries/io/netty/netty-transport-native-unix-common/4.2.16.Final/netty-transport-native-unix-common-4.2.16.Final.jar
Unpacking it/unimi/dsi/fastutil/8.5.18/fastutil-8.5.18.jar (libraries:it.unimi.dsi:fastutil:8.5.18) to libraries/it/unimi/dsi/fastutil/8.5.18/fastutil-8.5.18.jar
Unpacking net/java/dev/jna/jna/5.17.0/jna-5.17.0.jar (libraries:net.java.dev.jna:jna:5.17.0) to libraries/net/java/dev/jna/jna/5.17.0/jna-5.17.0.jar
Unpacking net/java/dev/jna/jna-platform/5.17.0/jna-platform-5.17.0.jar (libraries:net.java.dev.jna:jna-platform:5.17.0) to libraries/net/java/dev/jna/jna-platform/5.17.0/jna-platform-5.17.0.jar
Unpacking net/sf/jopt-simple/jopt-simple/5.0.4/jopt-simple-5.0.4.jar (libraries:net.sf.jopt-simple:jopt-simple:5.0.4) to libraries/net/sf/jopt-simple/jopt-simple/5.0.4/jopt-simple-5.0.4.jar
Unpacking org/apache/commons/commons-lang3/3.20.0/commons-lang3-3.20.0.jar (libraries:org.apache.commons:commons-lang3:3.20.0) to libraries/org/apache/commons/commons-lang3/3.20.0/commons-lang3-3.20.0.jar
Unpacking org/apache/logging/log4j/log4j-api/2.26.0/log4j-api-2.26.0.jar (libraries:org.apache.logging.log4j:log4j-api:2.26.0) to libraries/org/apache/logging/log4j/log4j-api/2.26.0/log4j-api-2.26.0.jar
Unpacking org/apache/logging/log4j/log4j-core/2.26.0/log4j-core-2.26.0.jar (libraries:org.apache.logging.log4j:log4j-core:2.26.0) to libraries/org/apache/logging/log4j/log4j-core/2.26.0/log4j-core-2.26.0.jar
Unpacking org/apache/logging/log4j/log4j-slf4j2-impl/2.26.0/log4j-slf4j2-impl-2.26.0.jar (libraries:org.apache.logging.log4j:log4j-slf4j2-impl:2.26.0) to libraries/org/apache/logging/log4j/log4j-slf4j2-impl/2.26.0/log4j-slf4j2-impl-2.26.0.jar
Unpacking org/joml/joml/1.10.9/joml-1.10.9.jar (libraries:org.joml:joml:1.10.9) to libraries/org/joml/joml/1.10.9/joml-1.10.9.jar
Unpacking org/jspecify/jspecify/1.0.0/jspecify-1.0.0.jar (libraries:org.jspecify:jspecify:1.0.0) to libraries/org/jspecify/jspecify/1.0.0/jspecify-1.0.0.jar
Unpacking org/slf4j/slf4j-api/2.0.17/slf4j-api-2.0.17.jar (libraries:org.slf4j:slf4j-api:2.0.17) to libraries/org/slf4j/slf4j-api/2.0.17/slf4j-api-2.0.17.jar
Starting net.fabricmc.loader.impl.game.minecraft.BundlerClassPathCapture
[05:10:32] [main/INFO]: Loading Minecraft 26.3 with Fabric Loader 0.19.5
[05:10:32] [main/INFO]: Mappings not present!
[05:10:32] [main/WARN]: Warnings were found!
 - Mod 'Mielon's The Sift' (the_sift) 1.1.2 recommends version 4.13.0 or later of lambdynlights, which is missing!
	 - You should install version 4.13.0 or later of lambdynlights for the optimal experience.
[05:10:32] [main/INFO]: Loading 51 mods:
	- cgs 1.4.9+26.3
	- create 6.0.9-1
	- create_hypertube 0.6.0+26.3
	- createdieselgenerators 1.3.15+26.3
	- fabric-api 0.161.0+26.3
	   |-- fabric-advancement-api-v1 1.0.0+38c7a2d55d
	   |-- fabric-api-base 2.0.6+fcdff87f5d
	   |-- fabric-api-lookup-api-v1 2.0.24+3434d6d95d
	   |-- fabric-biome-api-v1 20.0.9+74ed1ea55d
	   |-- fabric-block-api-v1 3.1.0+0ae6f9115d
	   |-- fabric-block-getter-api-v2 2.0.9+3434d6d95d
	   |-- fabric-command-api-v2 3.1.2+fcdff87f5d
	   |-- fabric-content-registries-v0 15.0.4+74ed1ea55d
	   |-- fabric-convention-tags-v2 4.10.3+6b5b47fd5d
	   |-- fabric-crash-report-info-v1 1.0.7+fcdff87f5d
	   |-- fabric-creative-tab-api-v1 5.0.21+fcdff87f5d
	   |-- fabric-data-attachment-api-v1 2.2.30+3434d6d95d
	   |-- fabric-data-generation-api-v1 27.2.4+427eab975d
	   |-- fabric-debug-api-v1 1.0.4+3434d6d95d
	   |-- fabric-dimensions-v1 5.1.19+47f74c985d
	   |-- fabric-entity-events-v1 6.0.4+3434d6d95d
	   |-- fabric-events-interaction-v0 5.3.6+3434d6d95d
	   |-- fabric-game-rule-api-v1 4.0.10+3434d6d95d
	   |-- fabric-item-api-v1 14.7.0+cf6bc2db5d
	   |-- fabric-lifecycle-events-v1 4.1.9+ffef5f675d
	   |-- fabric-loot-api-v3 4.0.8+4068fd645d
	   |-- fabric-menu-api-v1 2.0.27+ed66f0a35d
	   |-- fabric-message-api-v1 7.0.10+3434d6d95d
	   |-- fabric-networking-api-v1 6.3.8+fcdff87f5d
	   |-- fabric-object-builder-api-v1 24.1.9+3434d6d95d
	   |-- fabric-particles-v1 5.0.24+3434d6d95d
	   |-- fabric-permission-api-v1 1.0.8+fcdff87f5d
	   |-- fabric-recipe-api-v1 10.0.8+fcdff87f5d
	   |-- fabric-registry-sync-v0 8.0.1+fcdff87f5d
	   |-- fabric-rendering-fluids-v1 6.0.6+3434d6d95d
	   |-- fabric-resource-conditions-api-v1 6.1.5+3434d6d95d
	   |-- fabric-resource-loader-v0 3.3.26+4fc5413f5d
	   |-- fabric-resource-loader-v1 3.0.4+fcdff87f5d
	   |-- fabric-serialization-api-v1 2.0.7+74ed1ea55d
	   |-- fabric-tag-api-v1 2.1.10+fcdff87f5d
	   |-- fabric-transfer-api-v1 8.0.25+fcdff87f5d
	   \-- fabric-transitive-access-wideners-v1 8.1.16+52268a0e5d
	- fabricloader 0.19.5
	   \-- mixinextras 0.5.5
	- farmersdelight 26.3-3.6.27+refabricated
	- geckolib 5.5.7
	- java 25
	- minecraft 26.3
	- ntgl 3.1.8+26.3
	- siftec 0.1.0+26.3
	- the_sift 1.1.2
[05:10:32] [main/INFO]: SpongePowered MIXIN Subsystem Version=0.8.7 Source=file:/home/runner/work/SIFTEC/SIFTEC/server/libraries/net/fabricmc/sponge-mixin/0.17.4+mixin.0.8.7/sponge-mixin-0.17.4+mixin.0.8.7.jar Service=Knot/Fabric Env=SERVER
[05:10:33] [main/WARN]: Error loading class: net/minecraft/client/gui/screens/recipebook/GhostSlots (java.lang.ClassNotFoundException: net/minecraft/client/gui/screens/recipebook/GhostSlots)
[05:10:33] [main/WARN]: @Mixin target net.minecraft.client.gui.screens.recipebook.GhostSlots was not found farmersdelight.mixins.json:refabricated.GhostSlotsInvoker from mod farmersdelight
[05:10:33] [main/WARN]: Error loading class: net/minecraft/client/gui/GuiGraphicsExtractor (java.lang.ClassNotFoundException: net/minecraft/client/gui/GuiGraphicsExtractor)
[05:10:33] [main/WARN]: @Mixin target net.minecraft.client.gui.GuiGraphicsExtractor was not found farmersdelight.mixins.json:refabricated.GuiGraphicsExtractorAccessor from mod farmersdelight
[05:10:33] [main/INFO]: Initializing MixinExtras via com.llamalad7.mixinextras.service.MixinExtrasServiceImpl(version=0.5.5).
WARNING: A terminally deprecated method in sun.misc.Unsafe has been called
WARNING: sun.misc.Unsafe::objectFieldOffset has been called by org.joml.MemUtil$MemUtilUnsafe (file:/home/runner/work/SIFTEC/SIFTEC/server/libraries/org/joml/joml/1.10.9/joml-1.10.9.jar)
WARNING: Please consider reporting this to the maintainers of class org.joml.MemUtil$MemUtilUnsafe
WARNING: sun.misc.Unsafe::objectFieldOffset will be removed in a future release
[05:10:43] [main/INFO]: [STDERR]: Failed to read config file: /home/runner/work/SIFTEC/SIFTEC/server/./config/create/server.json
[05:10:43] [main/INFO]: [STDERR]: java.nio.file.NoSuchFileException: ./config/create/server.json
[05:10:43] [main/INFO]: [STDERR]: 	at java.base/sun.nio.fs.UnixException.translateToIOException(UnixException.java:92)
[05:10:43] [main/INFO]: [STDERR]: 	at java.base/sun.nio.fs.UnixException.rethrowAsIOException(UnixException.java:106)
[05:10:43] [main/INFO]: [STDERR]: 	at java.base/sun.nio.fs.UnixException.rethrowAsIOException(UnixException.java:111)
[05:10:43] [main/INFO]: [STDERR]: 	at java.base/sun.nio.fs.UnixFileSystemProvider.newFileChannel(UnixFileSystemProvider.java:213)
[05:10:43] [main/INFO]: [STDERR]: 	at java.base/sun.nio.fs.UnixFileSystemProvider.newByteChannel(UnixFileSystemProvider.java:244)
[05:10:43] [main/INFO]: [STDERR]: 	at java.base/java.nio.file.Files.newByteChannel(Files.java:357)
[05:10:43] [main/INFO]: [STDERR]: 	at java.base/java.nio.file.Files.newByteChannel(Files.java:399)
[05:10:43] [main/INFO]: [STDERR]: 	at java.base/java.nio.file.spi.FileSystemProvider.newInputStream(FileSystemProvider.java:371)
[05:10:43] [main/INFO]: [STDERR]: 	at java.base/java.nio.file.Files.newInputStream(Files.java:154)
[05:10:43] [main/INFO]: [STDERR]: 	at knot//org.apache.commons.io.FileUtils.lambda$readFileToString$14(FileUtils.java:2768)
[05:10:43] [main/INFO]: [STDERR]: 	at knot//org.apache.commons.io.IOUtils.toString(IOUtils.java:3204)
[05:10:43] [main/INFO]: [STDERR]: 	at knot//org.apache.commons.io.IOUtils.toString(IOUtils.java:3179)
[05:10:43] [main/INFO]: [STDERR]: 	at knot//org.apache.commons.io.FileUtils.readFileToString(FileUtils.java:2768)
[05:10:43] [main/INFO]: [STDERR]: 	at knot//com.zurrtum.create.catnip.config.Builder.read(Builder.java:136)
[05:10:43] [main/INFO]: [STDERR]: 	at knot//com.zurrtum.create.catnip.config.Builder.<init>(Builder.java:36)
[05:10:43] [main/INFO]: [STDERR]: 	at knot//com.zurrtum.create.catnip.config.Builder.create(Builder.java:49)
[05:10:43] [main/INFO]: [STDERR]: 	at knot//com.zurrtum.create.catnip.config.Builder.create(Builder.java:44)
[05:10:43] [main/INFO]: [STDERR]: 	at knot//com.zurrtum.create.infrastructure.config.AllConfigs.register(AllConfigs.java:28)
[05:10:43] [main/INFO]: [STDERR]: 	at knot//com.zurrtum.create.Create.onInitialize(Create.java:62)
[05:10:43] [main/INFO]: [STDERR]: 	at net.fabricmc.loader.impl.FabricLoaderImpl.invokeEntrypoints(FabricLoaderImpl.java:409)
[05:10:43] [main/INFO]: [STDERR]: 	at net.fabricmc.loader.impl.game.minecraft.Hooks.startServer(Hooks.java:63)
[05:10:43] [main/INFO]: [STDERR]: 	at knot//net.minecraft.server.Main.main(Main.java:114)
[05:10:43] [main/INFO]: [STDERR]: 	at net.fabricmc.loader.impl.game.minecraft.MinecraftGameProvider.launch(MinecraftGameProvider.java:517)
[05:10:43] [main/INFO]: [STDERR]: 	at net.fabricmc.loader.impl.launch.knot.Knot.launch(Knot.java:72)
[05:10:43] [main/INFO]: [STDERR]: 	at net.fabricmc.loader.impl.launch.knot.KnotServer.main(KnotServer.java:23)
[05:10:43] [main/INFO]: [STDERR]: 	at net.fabricmc.loader.impl.launch.server.FabricServerLauncher.main(FabricServerLauncher.java:69)
[05:10:43] [main/INFO]: [STDERR]: 	at net.fabricmc.installer.ServerLauncher.main(ServerLauncher.java:69)
[05:10:44] [main/INFO]: Loaded config farmersdelight-common.json
[05:10:45] [main/INFO]: The Sift initialized.
[05:10:45] [main/INFO]: Environment: Environment[discoveryUrl=https://discovery.minecraftservices.com/minecraft/client, name=PROD]
[05:10:45] [main/INFO]: Created 13 recipes which will be injected into the game
[05:10:45] [main/INFO]: Found new data pack create:dynamic_data, loading it automatically
[05:10:46] [Worker-Main-1/INFO]: No existing world data, creating new world
[05:10:48] [Worker-Main-2/INFO]: Loaded 3349 advancements
[05:10:48] [main/INFO]: Applied 146 biome modifications to 61 of 77 new biomes in 9.966 ms
[05:10:48] [Server thread/INFO]: Starting minecraft server version 26.3
[05:10:48] [Server thread/INFO]: Loading properties
[05:10:48] [Server thread/INFO]: Default game type: CREATIVE
[05:10:48] [Server thread/INFO]: Generating keypair
[05:10:48] [Server thread/INFO]: Starting Minecraft server on *:25565
[05:10:48] [Server thread/WARN]: **** SERVER IS RUNNING IN OFFLINE/INSECURE MODE!
[05:10:48] [Server thread/WARN]: The server will make no attempt to authenticate usernames. Beware.
[05:10:48] [Server thread/WARN]: While this makes the game possible to play without internet access, it also opens up the ability for hackers to connect with any username they choose.
[05:10:48] [Server thread/WARN]: To change this, set "online-mode" to "true" in the server.properties file.
[05:10:48] [Server thread/INFO]: Preparing level "world"
[05:10:48] [Server thread/INFO]: Selecting global world spawn...
[05:10:53] [Server thread/INFO]: Loading 0 persistent chunks...
[05:10:53] [Server thread/INFO]: Preparing spawn area: 100%
[05:10:53] [Server thread/INFO]: Time elapsed: 4146 ms
[05:10:53] [Server thread/INFO]: Done (4.412s)! For help, type "help"
[05:10:53] [Server thread/INFO]: Saving chunks for level 'ServerLevel[world]'/minecraft:overworld
[05:10:53] [Server thread/INFO]: Saving chunks for level 'ServerLevel[world]'/minecraft:the_end
[05:10:53] [Server thread/INFO]: Saving chunks for level 'ServerLevel[world]'/the_sift:the_sift
[05:10:53] [Server thread/INFO]: Saving chunks for level 'ServerLevel[world]'/minecraft:the_nether
[05:10:53] [Server thread/INFO]: Force-loading class net.minecraft.data.recipes.SmithingTrimRecipeBuilder
[05:10:53] [Server thread/INFO]: Force-loading class net.minecraft.data.recipes.SingleItemRecipeBuilder
[05:10:53] [Server thread/INFO]: Force-loading class net.minecraft.data.recipes.SmithingTransformRecipeBuilder
[05:10:53] [Server thread/INFO]: Force-loading class com.zurrtum.create.content.kinetics.RotationPropagator
[05:10:53] [Server thread/INFO]: Force-loading class net.minecraft.world.level.redstone.CollectingNeighborUpdater$MultiNeighborUpdate
[05:10:53] [Server thread/INFO]: Force-loading class net.minecraft.server.PlayerAdvancements
[05:10:53] [Server thread/INFO]: Force-loading class net.minecraft.server.network.config.SynchronizeRegistriesTask
[05:10:53] [Server thread/INFO]: Force-loading class net.minecraft.data.recipes.RecipeProvider
[05:10:53] [Server thread/INFO]: Force-loading class net.minecraft.world.level.chunk.LevelChunkSection$1BlockCounter
[05:10:53] [Server thread/INFO]: Force-loading class net.minecraft.network.protocol.configuration.ServerboundSelectKnownPacks
[05:10:53] [Server thread/INFO]: Force-loading class net.minecraft.world.inventory.RemoteSlot$Synchronized
[05:10:53] [Server thread/INFO]: Force-loading class net.minecraft.world.level.redstone.ExperimentalRedstoneWireEvaluator
[05:10:53] [Server thread/INFO]: Force-loading class net.minecraft.server.network.ServerHandshakePacketListenerImpl
[05:10:53] [Server thread/INFO]: Force-loading class net.minecraft.data.tags.BlockItemTagAppender
[05:10:53] [Server thread/INFO]: Force-loading class net.minecraft.data.recipes.BrewingRecipeBuilder
[05:10:53] [Server thread/INFO]: Force-loading class net.minecraft.data.registries.RegistriesDatapackGenerator
[05:10:53] [Server thread/INFO]: Force-loading class net.minecraft.world.entity.ai.behavior.Swim
[05:10:53] [Server thread/INFO]: Force-loading class net.minecraft.server.packs.resources.SimpleJsonResourceReloadListener
[05:10:53] [Server thread/INFO]: Force-loading class com.jesz.createdieselgenerators.world.OilChunksSavedData
[05:10:53] [Server thread/INFO]: Force-loading class net.minecraft.server.commands.DebugConfigCommand
[05:10:53] [Server thread/INFO]: Force-loading class net.minecraft.network.HashedStack$ActualItem
[05:10:53] [Server thread/INFO]: Force-loading class net.minecraft.world.level.pathfinder.WalkNodeEvaluator
[05:10:53] [Server thread/INFO]: Force-loading class net.minecraft.data.recipes.TransmuteRecipeBuilder
[05:10:53] [Server thread/INFO]: Force-loading class net.minecraft.data.tags.TagAppender
[05:10:53] [Server thread/INFO]: Force-loading class com.zurrtum.create.foundation.blockEntity.behaviour.fluid.SmartFluidTankBehaviour
[05:10:53] [Server thread/INFO]: Force-loading class net.minecraft.network.protocol.configuration.ConfigurationProtocols
[05:10:53] [Server thread/INFO]: Force-loading class net.minecraft.server.network.ServerLoginPacketListenerImpl
[05:10:53] [Server thread/INFO]: Force-loading class net.minecraft.world.level.entity.PersistentEntitySectionManager$Callback
[05:10:53] [Server thread/INFO]: Force-loading class net.minecraft.commands.execution.CommandQueueEntry
[05:10:53] [Server thread/INFO]: Force-loading class net.minecraft.world.inventory.RecipeBookType
[05:10:53] [Server thread/INFO]: Force-loading class net.minecraft.data.recipes.RecipeProvider$1
[05:10:53] [Server thread/INFO]: Force-loading class net.minecraft.stats.ServerRecipeBook
[05:10:53] [Server thread/INFO]: Force-loading class net.minecraft.gametest.framework.GameTestServer
[05:10:53] [Server thread/INFO]: Force-loading class net.minecraft.network.protocol.BundlePacket
[05:10:53] [Server thread/INFO]: Force-loading class net.minecraft.util.ParticleUtils
[05:10:53] [Server thread/INFO]: Force-loading class net.minecraft.world.CompoundContainer
[05:10:53] [Server thread/INFO]: Force-loading class net.minecraft.data.tags.TagAppender$1
[05:10:53] [Server thread/INFO]: Force-loading class net.minecraft.stats.RecipeBookSettings
[05:10:53] [Server thread/INFO]: Force-loading class com.zurrtum.create.content.fluids.pump.PumpBlockEntity$PumpFluidTransferBehaviour
[05:10:53] [Server thread/INFO]: Force-loading class net.minecraft.network.PacketEncoder
[05:10:53] [Server thread/INFO]: Force-loading class net.minecraft.data.tags.TagsProvider
[05:10:53] [Server thread/INFO]: Force-loading class net.minecraft.data.recipes.SimpleCookingRecipeBuilder
[05:10:53] [Server thread/INFO]: Force-loading class net.minecraft.data.recipes.SpecialRecipeBuilder
[05:10:53] [Server thread/INFO]: Force-loading class net.minecraft.server.level.ServerEntity
[05:10:53] [Server thread/INFO]: Force-loading class net.minecraft.stats.RecipeBookSettings$TypeSettings
[05:10:53] [Server thread/INFO]: Force-loading class net.minecraft.data.recipes.ShapedRecipeBuilder
[05:10:53] [Server thread/INFO]: Force-loading class net.minecraft.tags.TagBuilder
[05:10:53] [Server thread/INFO]: Force-loading class net.minecraft.network.protocol.login.ServerboundCustomQueryAnswerPacket
[05:10:53] [Server thread/INFO]: Force-loading class net.minecraft.world.food.FoodData
[05:10:53] [Server thread/INFO]: Force-loading class net.minecraft.world.level.ServerExplosion
[05:10:53] [Server thread/INFO]: Force-loading class com.zurrtum.create.content.kinetics.belt.transport.BeltInventory
[05:10:53] [Server thread/INFO]: Force-loading class net.minecraft.data.recipes.RecipeOutput
[05:10:53] [Server thread/INFO]: Force-loading class com.zurrtum.create.foundation.recipe.trie.RecipeTrie
[05:10:53] [Server thread/INFO]: Force-loading class net.minecraft.world.level.block.RailState
[05:10:53] [Server thread/INFO]: Force-loading class net.minecraft.network.PacketDecoder
[05:10:53] [Server thread/INFO]: Force-loading class net.minecraft.server.dedicated.ServerWatchdog
[05:10:53] [Server thread/INFO]: Force-loading class net.minecraft.data.recipes.ShapelessRecipeBuilder
[05:10:53] [Server thread/INFO]: Force-loading class net.minecraft.data.recipes.CustomCraftingRecipeBuilder
[05:10:53] [Server thread/INFO]: Force-loading class net.minecraft.world.item.enchantment.EnchantmentHelper
[05:10:53] [Server thread/INFO]: Force-loading class net.minecraft.world.entity.ai.behavior.GiveGiftToHero
[05:10:53] [Server thread/INFO]: Force-loading class net.minecraft.data.advancements.packs.VanillaAdventureAdvancements
[05:10:53] [Server thread/INFO]: Force-loading class com.zurrtum.create.content.kinetics.deployer.ManualApplicationHelper
[05:10:53] [Server thread/INFO]: Force-loading class net.minecraft.data.loot.BlockLootSubProvider
[05:10:53] [Server thread/INFO]: Force-loading class net.minecraft.network.protocol.common.ServerboundCustomPayloadPacket
[05:10:53] [Server thread/INFO]: Force-loading class com.zurrtum.create.content.kinetics.belt.transport.BeltTunnelInteractionHandler
[05:10:53] [Server thread/INFO]: Force-loading class net.minecraft.network.protocol.game.GameProtocols
[05:10:53] [Server thread/INFO]: Force-loading class net.minecraft.commands.execution.tasks.BuildContexts
[05:10:53] [Server thread/INFO]: Force-loading class net.minecraft.world.entity.ai.behavior.WorkAtComposter
[05:10:53] [Server thread/INFO]: Force-loading class net.minecraft.data.HashCache
[05:10:53] [Server thread/INFO]: Force-loading class net.minecraft.data.recipes.BrewingProvider
[05:10:53] [Server thread/INFO]: Force-loading class net.minecraft.world.entity.boss.enderdragon.phases.AbstractDragonSittingPhase
[05:10:53] [Server thread/INFO]: Force-loading class net.minecraft.data.registries.RegistryPatchGenerator
[05:10:53] [Server thread/INFO]: Force-loading class net.minecraft.server.level.ChunkMap$TrackedEntity
[05:10:53] [Server thread/INFO]: Force-loading class net.minecraft.server.network.PlayerChunkSender
[05:10:53] [Server thread/INFO]: Force-loading class net.minecraft.world.item.Item$TooltipContext$2
[05:10:53] [Server thread/INFO]: Force-loading class net.minecraft.data.HashCache$ProviderCache
[05:10:53] [Server thread/INFO]: Force-loading class net.minecraft.world.entity.ai.behavior.StartAttacking
[05:10:53] [Server thread/INFO]: Force-loading class net.minecraft.world.level.pathfinder.PathfindingContext
[05:10:53] [Server thread/INFO]: Force-loading class com.mojang.brigadier.context.ContextChain
[05:10:53] [Server thread/INFO]: Force-loading class net.minecraft.world.level.pathfinder.PathFinder
[05:10:53] [Server thread/INFO]: Force-loading class net.minecraft.network.codec.IdDispatchCodec
[05:10:53] [Server thread/INFO]: Force-loading class com.zurrtum.create.content.kinetics.belt.behaviour.BeltProcessingBehaviour
[05:10:53] [Server thread/INFO]: Force-loading class net.minecraft.data.DataProvider
[05:10:53] [Server thread/INFO]: Force-loading class net.minecraft.data.loot.EntityLootSubProvider
[05:10:53] [Server thread/INFO]: Force-loading class net.minecraft.network.protocol.login.ClientboundCustomQueryPacket
[05:10:53] [Server thread/INFO]: [MixinAudit] audit finished
[05:10:57] [Server thread/INFO]: SELFTEST owner setup: set 48 -> 48, set 200 -> 64 (limit 64); set 48 -> 48, set 200 -> 64 (limit 64);
[05:10:57] [Server thread/INFO]: System chat: SELFTEST owner setup: set 48 -> 48, set 200 -> 64 (limit 64); set 48 -> 48, set 200 -> 64 (limit 64);
[05:10:58] [Server thread/INFO]: SELFTEST drone setup: a trip needs 1 fire charge(s)
[05:10:58] [Server thread/INFO]: System chat: SELFTEST drone setup: a trip needs 1 fire charge(s)
[05:10:58] [Server thread/INFO]: SELFTEST setup Node[x=155, z=-81, type=IRON, purity=NORMAL, y=-2147483648] core at 155, 137, -81
[05:10:58] [Server thread/INFO]: System chat: SELFTEST setup Node[x=155, z=-81, type=IRON, purity=NORMAL, y=-2147483648] core at 155, 137, -81
[05:10:59] [Server thread/INFO]: SELFTEST setup Node[x=111, z=41, type=COPPER, purity=NORMAL, y=-2147483648] core at 111, 62, 41
[05:10:59] [Server thread/INFO]: System chat: SELFTEST setup Node[x=111, z=41, type=COPPER, purity=NORMAL, y=-2147483648] core at 111, 62, 41
[05:10:59] [Server thread/INFO]: SELFTEST hub: 98 milestones and phases, 80 parts
[05:10:59] [Server thread/INFO]: System chat: SELFTEST hub: 98 milestones and phases, 80 parts
[05:10:59] [Server thread/INFO]: SELFTEST hub: ids not present in this install: []
[05:10:59] [Server thread/INFO]: System chat: SELFTEST hub: ids not present in this install: []
[05:10:59] [Server thread/INFO]: SELFTEST hub: two members pay x1.5; tier 1 open true; tier 3 open false; coal power needs phase_1; backpack rewards 3; scanner copper true; speed cap 32
[05:10:59] [Server thread/INFO]: System chat: SELFTEST hub: two members pay x1.5; tier 1 open true; tier 3 open false; coal power needs phase_1; backpack rewards 3; scanner copper true; speed cap 32
[05:10:59] [Server thread/INFO]: SELFTEST recipes: 291 SIFTEC recipes loaded; removed recipes gone true; fluids [heavy_oil_residue, alumina_solution, sulfuric_acid, nitrogen, nitric_acid, dark_matter_residue, ignimbrite, turbofuel, vinegar, mead]
[05:10:59] [Server thread/INFO]: System chat: SELFTEST recipes: 291 SIFTEC recipes loaded; removed recipes gone true; fluids [heavy_oil_residue, alumina_solution, sulfuric_acid, nitrogen, nitric_acid, dark_matter_residue, ignimbrite, turbofuel, vinegar, mead]
[05:10:59] [Server thread/INFO]: SELFTEST food: minecraft:golden_carrot SIMPLE [CARROT]; minecraft:pumpkin_pie SIMPLE [PUMPKIN]; minecraft:bread RAW []
[05:10:59] [Server thread/INFO]: System chat: SELFTEST food: minecraft:golden_carrot SIMPLE [CARROT]; minecraft:pumpkin_pie SIMPLE [PUMPKIN]; minecraft:bread RAW []
[05:10:59] [Server thread/INFO]: SELFTEST alternates: 57 in the pool; a company that has only done Tier 0 could be offered [alt_iron_wire]
[05:10:59] [Server thread/INFO]: System chat: SELFTEST alternates: 57 in the pool; a company that has only done Tier 0 could be offered [alt_iron_wire]
[05:10:59] [Server thread/INFO]: SELFTEST hub: Create's speed limit now reads 256
[05:10:59] [Server thread/INFO]: System chat: SELFTEST hub: Create's speed limit now reads 256
[05:10:59] [Server thread/INFO]: SELFTEST content fuels: minecraft:coal=1600 siftec:biomass=960 siftec:solid_biofuel=2400 siftec:compacted_coal=3360 siftec:petroleum_coke=960
[05:10:59] [Server thread/INFO]: System chat: SELFTEST content fuels: minecraft:coal=1600 siftec:biomass=960 siftec:solid_biofuel=2400 siftec:compacted_coal=3360 siftec:petroleum_coke=960
[05:10:59] [Server thread/INFO]: SELFTEST content item locks: cgs:flintlock=mam_sulfur_1 cgs:revolver=mam_sulfur_4 create:cut_granite=base_building create:deployer=part_assembly create:mechanical_crafter=industrial_manufacturing create:brass_ingot=mam_caterium_1 createdieselgenerators:pumpjack_crank=oil_processing farmersdelight:wheat_dough=disabled create:shaft=free
[05:10:59] [Server thread/INFO]: System chat: SELFTEST content item locks: cgs:flintlock=mam_sulfur_1 cgs:revolver=mam_sulfur_4 create:cut_granite=base_building create:deployer=part_assembly create:mechanical_crafter=industrial_manufacturing create:brass_ingot=mam_caterium_1 createdieselgenerators:pumpjack_crank=oil_processing farmersdelight:wheat_dough=disabled create:shaft=free
[05:11:00] [Server thread/INFO]: SELFTEST content recipe locks: siftec:mixing/gunpowder_with_coal=mam_sulfur_1 siftec:mixing/lava_from_magma_block=mam_sulfur_2 siftec:mixing/sulfuric_acid=aeronautical_engineering siftec:crafting/deployer=part_assembly siftec:compacting/steel_beam=basic_steel_production
[05:11:00] [Server thread/INFO]: System chat: SELFTEST content recipe locks: siftec:mixing/gunpowder_with_coal=mam_sulfur_1 siftec:mixing/lava_from_magma_block=mam_sulfur_2 siftec:mixing/sulfuric_acid=aeronautical_engineering siftec:crafting/deployer=part_assembly siftec:compacting/steel_beam=basic_steel_production
[05:11:00] [Server thread/INFO]: SELFTEST content crafter cache: nothing done: none everything done: siftec:crafting/deployer nothing done: none
[05:11:00] [Server thread/INFO]: System chat: SELFTEST content crafter cache: nothing done: none everything done: siftec:crafting/deployer nothing done: none
[05:11:00] [Server thread/WARN]: Can't keep up! Is the server overloaded? Running 6429ms or 128 ticks behind
[05:11:05] [Server thread/INFO]: System chat: Stopping the server
[05:11:05] [Server thread/INFO]: Stopping server
[05:11:05] [Server thread/INFO]: Saving players
[05:11:05] [Server thread/INFO]: Saving worlds
[05:11:05] [Server thread/INFO]: Saving chunks for level 'ServerLevel[world]'/minecraft:overworld
[05:11:06] [Server thread/INFO]: Saving chunks for level 'ServerLevel[world]'/minecraft:the_end
[05:11:06] [Server thread/INFO]: Saving chunks for level 'ServerLevel[world]'/the_sift:the_sift
[05:11:06] [Server thread/INFO]: Saving chunks for level 'ServerLevel[world]'/minecraft:the_nether
EXIT 0
