Starting net.fabricmc.loader.impl.game.minecraft.BundlerClassPathCapture
[05:11:07] [main/INFO]: Loading Minecraft 26.3 with Fabric Loader 0.19.5
[05:11:07] [main/INFO]: Mappings not present!
[05:11:08] [main/WARN]: Warnings were found!
 - Mod 'Mielon's The Sift' (the_sift) 1.1.2 recommends version 4.13.0 or later of lambdynlights, which is missing!
	 - You should install version 4.13.0 or later of lambdynlights for the optimal experience.
[05:11:08] [main/INFO]: Loading 51 mods:
	- cgs 1.4.9+26.3
	- create 6.0.9-1
	- create_hypertube 0.6.0+26.3
	- createdieselgenerators 1.3.15+26.3
	- fabric-api 0.161.0+26.3
	   |-- fabric-advancement-api-v1 1.0.0+38c7a2d55d
	   |-- fabric-api-base 2.0.6+fcdff87f5d
	   |-- fabric-api-lookup-api-v1 2.0.24+3434d6d95d
	   |-- fabric-biome-api-v1 20.0.9+74ed1ea55d
	   |-- fabric-block-api-v1 3.1.0+0ae6f9115d
	   |-- fabric-block-getter-api-v2 2.0.9+3434d6d95d
	   |-- fabric-command-api-v2 3.1.2+fcdff87f5d
	   |-- fabric-content-registries-v0 15.0.4+74ed1ea55d
	   |-- fabric-convention-tags-v2 4.10.3+6b5b47fd5d
	   |-- fabric-crash-report-info-v1 1.0.7+fcdff87f5d
	   |-- fabric-creative-tab-api-v1 5.0.21+fcdff87f5d
	   |-- fabric-data-attachment-api-v1 2.2.30+3434d6d95d
	   |-- fabric-data-generation-api-v1 27.2.4+427eab975d
	   |-- fabric-debug-api-v1 1.0.4+3434d6d95d
	   |-- fabric-dimensions-v1 5.1.19+47f74c985d
	   |-- fabric-entity-events-v1 6.0.4+3434d6d95d
	   |-- fabric-events-interaction-v0 5.3.6+3434d6d95d
	   |-- fabric-game-rule-api-v1 4.0.10+3434d6d95d
	   |-- fabric-item-api-v1 14.7.0+cf6bc2db5d
	   |-- fabric-lifecycle-events-v1 4.1.9+ffef5f675d
	   |-- fabric-loot-api-v3 4.0.8+4068fd645d
	   |-- fabric-menu-api-v1 2.0.27+ed66f0a35d
	   |-- fabric-message-api-v1 7.0.10+3434d6d95d
	   |-- fabric-networking-api-v1 6.3.8+fcdff87f5d
	   |-- fabric-object-builder-api-v1 24.1.9+3434d6d95d
	   |-- fabric-particles-v1 5.0.24+3434d6d95d
	   |-- fabric-permission-api-v1 1.0.8+fcdff87f5d
	   |-- fabric-recipe-api-v1 10.0.8+fcdff87f5d
	   |-- fabric-registry-sync-v0 8.0.1+fcdff87f5d
	   |-- fabric-rendering-fluids-v1 6.0.6+3434d6d95d
	   |-- fabric-resource-conditions-api-v1 6.1.5+3434d6d95d
	   |-- fabric-resource-loader-v0 3.3.26+4fc5413f5d
	   |-- fabric-resource-loader-v1 3.0.4+fcdff87f5d
	   |-- fabric-serialization-api-v1 2.0.7+74ed1ea55d
	   |-- fabric-tag-api-v1 2.1.10+fcdff87f5d
	   |-- fabric-transfer-api-v1 8.0.25+fcdff87f5d
	   \-- fabric-transitive-access-wideners-v1 8.1.16+52268a0e5d
	- fabricloader 0.19.5
	   \-- mixinextras 0.5.5
	- farmersdelight 26.3-3.6.27+refabricated
	- geckolib 5.5.7
	- java 25
	- minecraft 26.3
	- ntgl 3.1.8+26.3
	- siftec 0.1.0+26.3
	- the_sift 1.1.2
[05:11:08] [main/INFO]: SpongePowered MIXIN Subsystem Version=0.8.7 Source=file:/home/runner/work/SIFTEC/SIFTEC/server/libraries/net/fabricmc/sponge-mixin/0.17.4+mixin.0.8.7/sponge-mixin-0.17.4+mixin.0.8.7.jar Service=Knot/Fabric Env=SERVER
[05:11:09] [main/WARN]: Error loading class: net/minecraft/client/gui/screens/recipebook/GhostSlots (java.lang.ClassNotFoundException: net/minecraft/client/gui/screens/recipebook/GhostSlots)
[05:11:09] [main/WARN]: @Mixin target net.minecraft.client.gui.screens.recipebook.GhostSlots was not found farmersdelight.mixins.json:refabricated.GhostSlotsInvoker from mod farmersdelight
[05:11:09] [main/WARN]: Error loading class: net/minecraft/client/gui/GuiGraphicsExtractor (java.lang.ClassNotFoundException: net/minecraft/client/gui/GuiGraphicsExtractor)
[05:11:09] [main/WARN]: @Mixin target net.minecraft.client.gui.GuiGraphicsExtractor was not found farmersdelight.mixins.json:refabricated.GuiGraphicsExtractorAccessor from mod farmersdelight
[05:11:09] [main/INFO]: Initializing MixinExtras via com.llamalad7.mixinextras.service.MixinExtrasServiceImpl(version=0.5.5).
WARNING: A terminally deprecated method in sun.misc.Unsafe has been called
WARNING: sun.misc.Unsafe::objectFieldOffset has been called by org.joml.MemUtil$MemUtilUnsafe (file:/home/runner/work/SIFTEC/SIFTEC/server/libraries/org/joml/joml/1.10.9/joml-1.10.9.jar)
WARNING: Please consider reporting this to the maintainers of class org.joml.MemUtil$MemUtilUnsafe
WARNING: sun.misc.Unsafe::objectFieldOffset will be removed in a future release
[05:11:20] [main/INFO]: Loaded config farmersdelight-common.json
[05:11:20] [main/INFO]: The Sift initialized.
[05:11:20] [main/INFO]: Environment: Environment[discoveryUrl=https://discovery.minecraftservices.com/minecraft/client, name=PROD]
[05:11:21] [main/INFO]: Created 13 recipes which will be injected into the game
[05:11:23] [Worker-Main-2/INFO]: Loaded 3349 advancements
[05:11:23] [main/INFO]: Applied 146 biome modifications to 61 of 77 new biomes in 16.60 ms
[05:11:23] [Server thread/INFO]: Starting minecraft server version 26.3
[05:11:23] [Server thread/INFO]: Loading properties
[05:11:23] [Server thread/INFO]: Default game type: CREATIVE
[05:11:23] [Server thread/INFO]: Generating keypair
[05:11:24] [Server thread/INFO]: Starting Minecraft server on *:25565
[05:11:24] [Server thread/WARN]: **** SERVER IS RUNNING IN OFFLINE/INSECURE MODE!
[05:11:24] [Server thread/WARN]: The server will make no attempt to authenticate usernames. Beware.
[05:11:24] [Server thread/WARN]: While this makes the game possible to play without internet access, it also opens up the ability for hackers to connect with any username they choose.
[05:11:24] [Server thread/WARN]: To change this, set "online-mode" to "true" in the server.properties file.
[05:11:24] [Server thread/INFO]: Preparing level "world"
[05:11:24] [Server thread/INFO]: Loading 68 persistent chunks...
[05:11:24] [Server thread/INFO]: Preparing spawn area: 12%
[05:11:25] [Server thread/INFO]: Preparing spawn area: 12%
[05:11:25] [Server thread/INFO]: Preparing spawn area: 12%
[05:11:26] [Server thread/INFO]: Preparing spawn area: 53%
[05:11:26] [Server thread/INFO]: Time elapsed: 1508 ms
[05:11:26] [Server thread/INFO]: Done (1.884s)! For help, type "help"
[05:11:26] [Server thread/INFO]: Saving chunks for level 'ServerLevel[world]'/minecraft:overworld
[05:11:26] [Server thread/INFO]: Saving chunks for level 'ServerLevel[world]'/minecraft:the_nether
[05:11:26] [Server thread/INFO]: Saving chunks for level 'ServerLevel[world]'/minecraft:the_end
[05:11:26] [Server thread/INFO]: Saving chunks for level 'ServerLevel[world]'/the_sift:the_sift
[05:11:26] [Server thread/INFO]: Force-loading class net.minecraft.data.recipes.SmithingTrimRecipeBuilder
[05:11:26] [Server thread/INFO]: Force-loading class net.minecraft.data.recipes.SingleItemRecipeBuilder
[05:11:26] [Server thread/INFO]: Force-loading class net.minecraft.data.recipes.SmithingTransformRecipeBuilder
[05:11:26] [Server thread/INFO]: Force-loading class com.zurrtum.create.content.kinetics.RotationPropagator
[05:11:26] [Server thread/INFO]: Force-loading class net.minecraft.world.level.redstone.CollectingNeighborUpdater$MultiNeighborUpdate
[05:11:26] [Server thread/INFO]: Force-loading class net.minecraft.server.PlayerAdvancements
[05:11:26] [Server thread/INFO]: Force-loading class net.minecraft.server.network.config.SynchronizeRegistriesTask
[05:11:26] [Server thread/INFO]: Force-loading class net.minecraft.data.recipes.RecipeProvider
[05:11:26] [Server thread/INFO]: Force-loading class net.minecraft.network.protocol.configuration.ServerboundSelectKnownPacks
[05:11:26] [Server thread/INFO]: Force-loading class net.minecraft.world.inventory.RemoteSlot$Synchronized
[05:11:26] [Server thread/INFO]: Force-loading class net.minecraft.world.level.redstone.ExperimentalRedstoneWireEvaluator
[05:11:26] [Server thread/INFO]: Force-loading class net.minecraft.server.network.ServerHandshakePacketListenerImpl
[05:11:26] [Server thread/INFO]: Force-loading class net.minecraft.data.tags.BlockItemTagAppender
[05:11:26] [Server thread/INFO]: Force-loading class net.minecraft.data.recipes.BrewingRecipeBuilder
[05:11:26] [Server thread/INFO]: Force-loading class net.minecraft.data.registries.RegistriesDatapackGenerator
[05:11:26] [Server thread/INFO]: Force-loading class net.minecraft.world.entity.ai.behavior.Swim
[05:11:26] [Server thread/INFO]: Force-loading class net.minecraft.server.packs.resources.SimpleJsonResourceReloadListener
[05:11:26] [Server thread/INFO]: Force-loading class com.jesz.createdieselgenerators.world.OilChunksSavedData
[05:11:26] [Server thread/INFO]: Force-loading class net.minecraft.server.commands.DebugConfigCommand
[05:11:26] [Server thread/INFO]: Force-loading class net.minecraft.network.HashedStack$ActualItem
[05:11:26] [Server thread/INFO]: Force-loading class net.minecraft.world.level.pathfinder.WalkNodeEvaluator
[05:11:26] [Server thread/INFO]: Force-loading class net.minecraft.data.recipes.TransmuteRecipeBuilder
[05:11:26] [Server thread/INFO]: Force-loading class net.minecraft.network.syncher.SynchedEntityData$Builder
[05:11:26] [Server thread/INFO]: Force-loading class net.minecraft.data.tags.TagAppender
[05:11:26] [Server thread/INFO]: Force-loading class com.zurrtum.create.foundation.blockEntity.behaviour.fluid.SmartFluidTankBehaviour
[05:11:26] [Server thread/INFO]: Force-loading class net.minecraft.network.protocol.configuration.ConfigurationProtocols
[05:11:26] [Server thread/INFO]: Force-loading class net.minecraft.server.network.ServerLoginPacketListenerImpl
[05:11:26] [Server thread/INFO]: Force-loading class net.minecraft.world.level.entity.PersistentEntitySectionManager$Callback
[05:11:26] [Server thread/INFO]: Force-loading class net.minecraft.commands.execution.CommandQueueEntry
[05:11:26] [Server thread/INFO]: Force-loading class net.minecraft.world.inventory.RecipeBookType
[05:11:26] [Server thread/INFO]: Force-loading class net.minecraft.data.recipes.RecipeProvider$1
[05:11:26] [Server thread/INFO]: Force-loading class net.minecraft.stats.ServerRecipeBook
[05:11:26] [Server thread/INFO]: Force-loading class net.minecraft.gametest.framework.GameTestServer
[05:11:26] [Server thread/INFO]: Force-loading class net.minecraft.network.protocol.BundlePacket
[05:11:26] [Server thread/INFO]: Force-loading class net.minecraft.util.ParticleUtils
[05:11:26] [Server thread/INFO]: Force-loading class net.minecraft.world.CompoundContainer
[05:11:26] [Server thread/INFO]: Force-loading class net.minecraft.data.tags.TagAppender$1
[05:11:26] [Server thread/INFO]: Force-loading class net.minecraft.stats.RecipeBookSettings
[05:11:26] [Server thread/INFO]: Force-loading class com.zurrtum.create.content.fluids.pump.PumpBlockEntity$PumpFluidTransferBehaviour
[05:11:26] [Server thread/INFO]: Force-loading class net.minecraft.network.PacketEncoder
[05:11:26] [Server thread/INFO]: Force-loading class net.minecraft.data.tags.TagsProvider
[05:11:26] [Server thread/INFO]: Force-loading class net.minecraft.data.recipes.SimpleCookingRecipeBuilder
[05:11:26] [Server thread/INFO]: Force-loading class net.minecraft.data.recipes.SpecialRecipeBuilder
[05:11:26] [Server thread/INFO]: Force-loading class net.minecraft.server.level.ServerEntity
[05:11:26] [Server thread/INFO]: Force-loading class net.minecraft.stats.RecipeBookSettings$TypeSettings
[05:11:26] [Server thread/INFO]: Force-loading class net.minecraft.data.recipes.ShapedRecipeBuilder
[05:11:26] [Server thread/INFO]: Force-loading class net.minecraft.tags.TagBuilder
[05:11:26] [Server thread/INFO]: Force-loading class net.minecraft.network.protocol.login.ServerboundCustomQueryAnswerPacket
[05:11:26] [Server thread/INFO]: Force-loading class net.minecraft.world.food.FoodData
[05:11:26] [Server thread/INFO]: Force-loading class net.minecraft.world.level.ServerExplosion
[05:11:26] [Server thread/INFO]: Force-loading class com.zurrtum.create.content.kinetics.belt.transport.BeltInventory
[05:11:26] [Server thread/INFO]: Force-loading class net.minecraft.data.recipes.RecipeOutput
[05:11:26] [Server thread/INFO]: Force-loading class com.zurrtum.create.foundation.recipe.trie.RecipeTrie
[05:11:26] [Server thread/INFO]: Force-loading class net.minecraft.world.level.block.RailState
[05:11:26] [Server thread/INFO]: Force-loading class net.minecraft.network.PacketDecoder
[05:11:26] [Server thread/INFO]: Force-loading class net.minecraft.server.dedicated.ServerWatchdog
[05:11:26] [Server thread/INFO]: Force-loading class net.minecraft.data.recipes.ShapelessRecipeBuilder
[05:11:26] [Server thread/INFO]: Force-loading class net.minecraft.data.recipes.CustomCraftingRecipeBuilder
[05:11:26] [Server thread/INFO]: Force-loading class net.minecraft.world.item.enchantment.EnchantmentHelper
[05:11:26] [Server thread/INFO]: Force-loading class net.minecraft.world.entity.ai.behavior.GiveGiftToHero
[05:11:26] [Server thread/INFO]: Force-loading class net.minecraft.data.advancements.packs.VanillaAdventureAdvancements
[05:11:26] [Server thread/INFO]: Force-loading class com.zurrtum.create.content.kinetics.deployer.ManualApplicationHelper
[05:11:26] [Server thread/INFO]: Force-loading class net.minecraft.data.loot.BlockLootSubProvider
[05:11:26] [Server thread/INFO]: Force-loading class net.minecraft.network.protocol.common.ServerboundCustomPayloadPacket
[05:11:26] [Server thread/INFO]: Force-loading class com.zurrtum.create.content.kinetics.belt.transport.BeltTunnelInteractionHandler
[05:11:26] [Server thread/INFO]: Force-loading class net.minecraft.network.protocol.game.GameProtocols
[05:11:26] [Server thread/INFO]: Force-loading class net.minecraft.commands.execution.tasks.BuildContexts
[05:11:26] [Server thread/INFO]: Force-loading class net.minecraft.world.entity.ai.behavior.WorkAtComposter
[05:11:26] [Server thread/INFO]: Force-loading class net.minecraft.data.HashCache
[05:11:26] [Server thread/INFO]: Force-loading class net.minecraft.data.recipes.BrewingProvider
[05:11:26] [Server thread/INFO]: Force-loading class net.minecraft.world.entity.boss.enderdragon.phases.AbstractDragonSittingPhase
[05:11:26] [Server thread/INFO]: Force-loading class net.minecraft.data.registries.RegistryPatchGenerator
[05:11:26] [Server thread/INFO]: Force-loading class net.minecraft.server.level.ChunkMap$TrackedEntity
[05:11:26] [Server thread/INFO]: Force-loading class net.minecraft.server.network.PlayerChunkSender
[05:11:26] [Server thread/INFO]: Force-loading class net.minecraft.world.item.Item$TooltipContext$2
[05:11:26] [Server thread/INFO]: Force-loading class net.minecraft.data.HashCache$ProviderCache
[05:11:26] [Server thread/INFO]: Force-loading class net.minecraft.world.entity.ai.behavior.StartAttacking
[05:11:26] [Server thread/INFO]: Force-loading class net.minecraft.world.level.pathfinder.PathfindingContext
[05:11:26] [Server thread/INFO]: Force-loading class com.mojang.brigadier.context.ContextChain
[05:11:26] [Server thread/INFO]: Force-loading class net.minecraft.world.level.pathfinder.PathFinder
[05:11:26] [Server thread/INFO]: Force-loading class net.minecraft.network.codec.IdDispatchCodec
[05:11:26] [Server thread/INFO]: Force-loading class com.zurrtum.create.content.kinetics.belt.behaviour.BeltProcessingBehaviour
[05:11:26] [Server thread/INFO]: Force-loading class net.minecraft.data.DataProvider
[05:11:26] [Server thread/INFO]: Force-loading class net.minecraft.data.loot.EntityLootSubProvider
[05:11:26] [Server thread/INFO]: Force-loading class net.minecraft.network.protocol.login.ClientboundCustomQueryPacket
[05:11:26] [Server thread/INFO]: [MixinAudit] audit finished
[05:11:30] [Server thread/INFO]: SELFTEST power: pole A speed 16.0 lines 1; pole B speed 16.0 lines 1; storage speed 16.0 stored 49152.0 mode 1
[05:11:30] [Server thread/INFO]: System chat: SELFTEST power: pole A speed 16.0 lines 1; pole B speed 16.0 lines 1; storage speed 16.0 stored 49152.0 mode 1
[05:11:30] [Server thread/INFO]: SELFTEST owner same company: governor is siftec:speed_governor; shaft speed -64.0 owner selftest_fast
[05:11:30] [Server thread/INFO]: System chat: SELFTEST owner same company: governor is siftec:speed_governor; shaft speed -64.0 owner selftest_fast
[05:11:30] [Server thread/INFO]: SELFTEST owner slower company below: governor is minecraft:air; shaft speed 0.0 owner selftest_slow
[05:11:30] [Server thread/INFO]: System chat: SELFTEST owner slower company below: governor is minecraft:air; shaft speed 0.0 owner selftest_slow
[05:11:30] [Server thread/INFO]: SELFTEST owner recipes: 1292 locked; create:acacia_window needs base_building; blocked before true, after unlocking false
[05:11:30] [Server thread/INFO]: System chat: SELFTEST owner recipes: 1292 locked; create:acacia_window needs base_building; blocked before true, after unlocking false
[05:11:30] [Server thread/INFO]: SELFTEST drone: home port state 2, fire charges left 2, still waiting 0 minecraft:air; far port arrived 5 minecraft:iron_ingot
[05:11:30] [Server thread/INFO]: System chat: SELFTEST drone: home port state 2, fire charges left 2, still waiting 0 minecraft:air; far port arrived 5 minecraft:iron_ingot
[05:11:30] [Server thread/INFO]: SELFTEST check Node[x=155, z=-81, type=IRON, purity=NORMAL, y=-2147483648]: 2 minecraft:raw_iron
[05:11:30] [Server thread/INFO]: System chat: SELFTEST check Node[x=155, z=-81, type=IRON, purity=NORMAL, y=-2147483648]: 2 minecraft:raw_iron
[05:11:30] [Server thread/INFO]: SELFTEST check Node[x=111, z=41, type=COPPER, purity=NORMAL, y=-2147483648]: 0 minecraft:air speed -16.0
[05:11:30] [Server thread/INFO]: System chat: SELFTEST check Node[x=111, z=41, type=COPPER, purity=NORMAL, y=-2147483648]: 0 minecraft:air speed -16.0
[05:11:30] [Server thread/INFO]: System chat: Crude Oil, Normal at x 294, z 2354 (2394 blocks away)
[05:11:31] [Server thread/INFO]: SELFTEST nether: Node[x=218, z=154, type=QUARTZ, purity=IMPURE, y=-2147483648] height 90 block Block{siftec:quartz_node}[core=true]
[05:11:31] [Server thread/INFO]: System chat: SELFTEST nether: Node[x=218, z=154, type=QUARTZ, purity=IMPURE, y=-2147483648] height 90 block Block{siftec:quartz_node}[core=true]
[05:11:40] [Server thread/INFO]: System chat: Stopping the server
[05:11:41] [Server thread/INFO]: Stopping server
[05:11:41] [Server thread/INFO]: Saving players
[05:11:41] [Server thread/INFO]: Saving worlds
[05:11:41] [Server thread/INFO]: Saving chunks for level 'ServerLevel[world]'/minecraft:overworld
[05:11:41] [Server thread/INFO]: Saving chunks for level 'ServerLevel[world]'/minecraft:the_nether
[05:11:41] [Server thread/INFO]: Saving chunks for level 'ServerLevel[world]'/minecraft:the_end
[05:11:41] [Server thread/INFO]: Saving chunks for level 'ServerLevel[world]'/the_sift:the_sift
EXIT 0
